// Jest Snapshot v1, https://goo.gl/fbAQLP

exports[`UserForm should be rendered correctly 1`] = `ShallowWrapper {}`;
