// Jest Snapshot v1, https://goo.gl/fbAQLP

exports[`UserCard should be rendered correctly 1`] = `ShallowWrapper {}`;
